// Jest Snapshot v1, https://goo.gl/fbAQLP

exports[`renders the Contact component correctly 1`] = `
<div>
  <div
    class="contact_page"
  >
    <form
      class="form"
    >
      <div
        class="basicInfo"
      >
        <div>
          <div>
            <label
              class="contact"
            >
              Prefix
            </label>
            <select
              id="contactDropdown"
            >
              <option
                value="Mr"
              >
                Mr
              </option>
              <option
                value="Ms"
              >
                Ms
              </option>
              <option
                value="Mrs"
              >
                Mrs
              </option>
            </select>
          </div>
          <div>
            <label>
               First Name:
            </label>
            <input
              class="contactText"
              name="myText"
              required=""
              type="text"
            />
          </div>
          <label>
             Last Name:
          </label>
          <input
            class="contactText"
            name="myText"
            required=""
            type="text"
          />
        </div>
        <div>
          <label>
             Email Address:
          </label>
          <input
            class="contactText"
            name="myText"
            required=""
            type="text"
          />
        </div>
        <div>
          <label>
             Mobile Phone: 
          </label>
          <input
            class="contactText"
            name="myText"
            required=""
            type="text"
          />
        </div>
      </div>
      <div>
        <label
          for="contactDropdownId"
        >
          Contact Preference
        </label>
        <select
          class="contactDropdown"
        >
          <option
            value="Email"
          >
            Email
          </option>
          <option
            value="TelePhone"
          >
            TelePhone
          </option>
        </select>
      </div>
      <div
        class="overview"
      >
        <label
          for="contactDropdownId"
        >
          Available hours:
        </label>
        <div>
          <input
            id="nice"
            name="overview_rate"
            required=""
            type="radio"
            value="morning"
          />
          <label
            for="nice"
          >
             Morning
          </label>
        </div>
        <div>
          <input
            id="good"
            name="overview_rate"
            type="radio"
            value="afternoon"
          />
          <label
            for="good"
          >
             Afternoon
          </label>
        </div>
        <div>
          <input
            id="good"
            name="overview_rate"
            type="radio"
            value="evenings"
          />
          <label
            for="good"
          >
             Evenings
          </label>
        </div>
      </div>
      <label
        for="myTextId"
      >
        Where you hear from us:
      </label>
      <input
        class="contactText"
        name="myText"
        type="text"
      />
      <input
        class="contact_button"
        type="submit"
        value="Submit"
      />
    </form>
    <div
      class="contact_text"
    >
      <h1>
         Thank You Join Us!
      </h1>
      <p>
        Join our monthly movie membership and make FREE online reservations in advance. Watch movies in any format, including AAA Cinema, IMAX, Real 3D and more. Plus, indulge in the premium perks of AAA Stubs Premiere, including 10% back on food & drink purchases. Reserve a ticket as soon as you join.
      </p>
    </div>
  </div>
</div>
`;
