// Jest Snapshot v1, https://goo.gl/fbAQLP

exports[`renders the home component correctly 1`] = `
<div>
  <div>
    <ul
      class="movieCards"
    >
      <li>
        <div
          class="card"
        >
          <a
            href="/movie/460465"
          >
            <img
              alt="poster"
              src="https://www.themoviedb.org/t/p/w600_and_h900_bestv2//2xmx8oPlbDaxTjHsIOZvOt5L3aJ.jpg"
            />
          </a>
          <div
            class="content"
          >
            <div
              class="rate"
            >
              <span>
                 
                81%
              </span>
            </div>
            <p>
              <a
                href="/movie/460465"
                style="text-decoration: none;"
              >
                Mortal Kombat
              </a>
            </p>
            <time
              datetime="2021-04-07"
            >
              April 7, 2021
            </time>
          </div>
        </div>
      </li>
    </ul>
  </div>
</div>
`;
